[www.paddleupright.com/index.html]
[static.parastorage.com/unpkg/core-js-bundle@3.2.1/minified.js]
[static.parastorage.com/unpkg/focus-within-polyfill@5.0.9/dist/focus-within-polyfill.js]
[backblue.gif]
[fade.gif]
[index.html]
[polyfill.io/v3/polyfill.mind82c.js]
[browser.sentry-cdn.com/6.18.2/bundle.min.js]
[www.paddleupright.com/decodeURIComponent(e.4.delayed]
[www.paddleupright.com/sitemap.xml]
[www.paddleupright.com/feed.6.delayed]
[static.parastorage.com/services/wix-thunderbolt/dist/bootstrap-features.9ca6e510.bundle.min.js]
[static.parastorage.com/services/wix-thunderbolt/dist/main.cb675ae8.bundle.min.js]
[static.parastorage.com/unpkg/lodash@4.17.21/lodash.min.js]
[static.parastorage.com/unpkg/react@16.14.0/umd/react.production.min.js]
[static.parastorage.com/services/tag-manager-client/1.427.0/siteTags.bundle.min.js]
[static.parastorage.com/services/wix-perf-measure/1.1042.0/wix-perf-measure.bundle.min.js]
[static.parastorage.com/unpkg/react-dom@16.14.0/umd/react-dom.production.min.js]
[www.paddleupright.com/eec152dc.min.e.delayed]
[www.paddleupright.com/version/index.html]
[www.paddleupright.com/02b07b80.min.f.delayed]
[www.paddleupright.com/7c602eb2.min.10.delayed]
[www.paddleupright.com/99a6a99f.min.11.delayed]
[www.paddleupright.com/2b8b066f.min.12.delayed]
[www.paddleupright.com/2a3ba4df.min.13.delayed]
[www.paddleupright.com/d078781b.min.14.delayed]
[www.paddleupright.com/7a36fe10.chunk.min.15.delayed]
[www.paddleupright.com/e3671379.chunk.min.16.delayed]
[www.paddleupright.com/rb_wixui.thunderbolt_bootstrap-classic.db545a77.chunk.min.17.delayed]
[www.paddleupright.com/rb_wixui.thunderbolt_bootstrap.8a86afda.chunk.min.18.delayed]
[www.paddleupright.com/rb_wixui.thunderbolt_bootstrap.7a36fe10.chunk.min.19.delayed]
[www.paddleupright.com/rb_wixui.thunderbolt_bootstrap-responsive.f3ca696f.chunk.min.1a.delayed]
[www.paddleupright.com/rb_wixui.thunderbolt_bootstrap-responsive.e3671379.chunk.min.1b.delayed]
[www.paddleupright.com/rb_wixui.thunderbolt_common-site-members-dialogs.384b0b57.chunk.min.1c.delayed]
[www.paddleupright.com/rb_wixui.thunderbolt_common-site-members-dialogs.2059cbfd.chunk.min.1d.delayed]
[www.paddleupright.com/index.html]
[static.wixstatic.com/media/5bfb6f_8830d02959d64dfead0f7de1ed433783.png/v1/fill/w_93,h_48,al_c,q_85,usm_0.66_1.00_0.01,enc_auto/5bfb6f_8830d02959d64dfead0f7de1ed4]
[static.wixstatic.com/media/deb01f_5b88f82783c141b8ac66a1e965524c89.png/v1/fill/w_38,h_34,al_c,q_85,usm_0.66_1.00_0.01,blur_2,e/deb01f_5b88f82783c141b8ac66a1e9655]
[static.wixstatic.com/media/deb01f_37f38a99fdae4a42a0a312b0d21bb0eb.png/v1/fill/w_49,h_29,al_c,q_85,usm_0.66_1.00_0.01,blur_2,e/deb01f_37f38a99fdae4a42a0a312b0d21]
[www.paddleupright.com/decodeURIComponent(e.html]
[www.paddleupright.com/feed.html]
[static.wixstatic.com/media/5bfb6f_d6388262488f426882c525207647f223.png/v1/fill/w_49,h_21,al_c,q_85,usm_0.66_1.00_0.01,blur_2,e/5bfb6f_d6388262488f426882c52520764]
[static.wixstatic.com/media/deb01f_efbfb9cf732b4579818d372898c8327a.png/v1/fill/w_49,h_28,al_c,q_85,usm_0.66_1.00_0.01,blur_2,e/deb01f_efbfb9cf732b4579818d372898c]
[static.wixstatic.com/media/743c02101a664cd79e4fcf3e39288ce5.jpg/v1/fill/w_140,h_93,al_c,q_80,usm_0.66_1.00_0.01,blur_3,/743c02101a664cd79e4fcf3e39288ce5.24.delay]
[www.paddleupright.com/version/index.html]
[www.paddleupright.com/eec152dc.min.html]
[static.wixstatic.com/media/deb01f_c082036754f049c1ab56b952de4034f5f000.jpg/v1/fill/w_147,h_83,al_c,q_80,usm_0.66_1.00_0.01,blur_2,/deb01f_c082036754f049c1ab56b95]
[static.wixstatic.com/media/5bfb6f_4277d48cebf54883813f2e367c1490ce.png/v1/fill/w_64,h_39,al_c,q_85,usm_0.66_1.00_0.01,blur_2,e/5bfb6f_4277d48cebf54883813f2e367c1]
[static.wixstatic.com/media/5bfb6f_4277d48cebf54883813f2e367c1490ce.png/v1/fill/w_168,h_103,al_c,q_85,usm_0.66_1.00_0.01,blur_3/5bfb6f_4277d48cebf54883813f2e367c1]
[www.paddleupright.com/02b07b80.min.html]
[www.paddleupright.com/7c602eb2.min.html]
[www.paddleupright.com/99a6a99f.min.html]
[www.paddleupright.com/2b8b066f.min.html]
[www.paddleupright.com/2a3ba4df.min.html]
[www.paddleupright.com/d078781b.min.html]
[www.paddleupright.com/7a36fe10.chunk.min.html]
[www.paddleupright.com/e3671379.chunk.min.html]
[www.paddleupright.com/rb_wixui.thunderbolt_bootstrap-classic.db545a77.chunk.min.html]
[www.paddleupright.com/rb_wixui.thunderbolt_bootstrap.8a86afda.chunk.min.html]
[www.paddleupright.com/rb_wixui.thunderbolt_bootstrap.7a36fe10.chunk.min.html]
[www.paddleupright.com/rb_wixui.thunderbolt_bootstrap-responsive.f3ca696f.chunk.min.html]
[www.paddleupright.com/rb_wixui.thunderbolt_bootstrap-responsive.e3671379.chunk.min.html]
[www.paddleupright.com/rb_wixui.thunderbolt_common-site-members-dialogs.384b0b57.chunk.min.html]
[www.paddleupright.com/rb_wixui.thunderbolt_common-site-members-dialogs.2059cbfd.chunk.min.html]
[www.paddleupright.com/book-online.html]
[static.parastorage.com/services/wix-thunderbolt/dist/ab-test-compilation/thunderbolt-commons.7ca534fa.bundle.min.js]
[static.parastorage.com/services/wix-thunderbolt/dist/ab-test-compilation/main.c16c2c7f.bundle.min.js]
[static.wixstatic.com/media/deb01f_f2dfd8225ea349d19353f4ce5249b387.jpg/v1/fill/w_36,h_33,al_c,q_80,usm_0.66_1.00_0.01,blur_3,e/deb01f_f2dfd8225ea349d19353f4ce524]
[static.wixstatic.com/media/deb01f_a702201a513c429d9100897d5b37d3d8.jpg/v1/fill/w_49,h_37,al_c,q_80,usm_0.66_1.00_0.01,blur_2,e/deb01f_a702201a513c429d9100897d5b3]
[www.paddleupright.com/bookings-checkout/paddle-upright-evening-sunset-paddles.html]
[static.wixstatic.com/media/deb01f_3650f0933fad4ad197f4aab426710a53.jpg/v1/fill/w_44,h_33,al_c,q_80,usm_0.66_1.00_0.01,blur_3,e/deb01f_3650f0933fad4ad197f4aab4267]
[www.paddleupright.com/book-online.html]
[www.paddleupright.com/bookings-checkout/bike-boat-brew-and-bark-paddleboarding.html]
[www.paddleupright.com/bookings-checkout/decodeURIComponent(e.html]
[www.paddleupright.com/bookings-checkout/robots.html]
[www.paddleupright.com/bookings-checkout/sitemap.31.delayed]
[www.paddleupright.com/bookings-checkout/feed.32.delayed]
[www.paddleupright.com/bookings-checkout/99a6a99f.min.html]
[www.paddleupright.com/bookings-checkout/7a36fe10.chunk.min.html]
[www.paddleupright.com/bookings-checkout/e3671379.chunk.min.html]
[www.paddleupright.com/bookings-checkout/rb_wixui.thunderbolt_bootstrap-classic.db545a77.chunk.min.html]
[www.paddleupright.com/bookings-checkout/rb_wixui.thunderbolt_bootstrap.8a86afda.chunk.min.html]
[www.paddleupright.com/bookings-checkout/rb_wixui.thunderbolt_bootstrap.7a36fe10.chunk.min.html]
[www.paddleupright.com/bookings-checkout/rb_wixui.thunderbolt_bootstrap-responsive.f3ca696f.chunk.min.html]
[www.paddleupright.com/bookings-checkout/paddle-upright-evening-sunset-paddles.html]
[www.paddleupright.com/bookings-checkout/bike-boat-brew-and-bark-paddleboarding.html]
[www.paddleupright.com/bookings-checkout/decodeURIComponent(e.html]
[www.paddleupright.com/bookings-checkout/robots.html]
[www.paddleupright.com/bookings-checkout/sitemap.html]
[www.paddleupright.com/bookings-checkout/feed.html]
[www.paddleupright.com/bookings-checkout/99a6a99f.min.html]
[www.paddleupright.com/bookings-checkout/7a36fe10.chunk.min.html]
[www.paddleupright.com/bookings-checkout/e3671379.chunk.min.html]
[www.paddleupright.com/bookings-checkout/rb_wixui.thunderbolt_bootstrap-classic.db545a77.chunk.min.html]
[www.paddleupright.com/bookings-checkout/rb_wixui.thunderbolt_bootstrap.8a86afda.chunk.min.html]
[www.paddleupright.com/bookings-checkout/rb_wixui.thunderbolt_bootstrap.7a36fe10.chunk.min.html]
[www.paddleupright.com/bookings-checkout/rb_wixui.thunderbolt_bootstrap-responsive.f3ca696f.chunk.min.html]
[www.paddleupright.com/bookings-checkout/rb_wixui.thunderbolt_bootstrap-responsive.e3671379.chunk.min.html]
[www.paddleupright.com/bookings-checkout/rb_wixui.thunderbolt_bootstrap-responsive.e3671379.chunk.min.html]
[www.paddleupright.com/bookings-checkout/version/index.html]
[www.paddleupright.com/bookings-checkout/version/decodeURIComponent(e.html]
[www.paddleupright.com/bookings-checkout/version/robots.html]
[www.paddleupright.com/bookings-checkout/version/sitemap.3d.delayed]
[www.paddleupright.com/bookings-checkout/version/feed.3e.delayed]
[www.paddleupright.com/bookings-checkout/version.html]
[www.paddleupright.com/bookings-checkout/version/version/index.html]
[www.paddleupright.com/bookings-checkout/version/99a6a99f.min.html]
[www.paddleupright.com/bookings-checkout/version/7a36fe10.chunk.min.html]
[www.paddleupright.com/bookings-checkout/version/e3671379.chunk.min.html]
[www.paddleupright.com/bookings-checkout/version/rb_wixui.thunderbolt_bootstrap-classic.db545a77.chunk.min.html]
[www.paddleupright.com/bookings-checkout/version/rb_wixui.thunderbolt_bootstrap.8a86afda.chunk.min.html]
[www.paddleupright.com/bookings-checkout/version/rb_wixui.thunderbolt_bootstrap.7a36fe10.chunk.min.html]
[www.paddleupright.com/bookings-checkout/version/rb_wixui.thunderbolt_bootstrap-responsive.f3ca696f.chunk.min.html]
[www.paddleupright.com/bookings-checkout/version/index.html]
[www.paddleupright.com/bookings-checkout/version/decodeURIComponent(e.html]
[www.paddleupright.com/bookings-checkout/version/robots.html]
[www.paddleupright.com/bookings-checkout/version/sitemap.html]
[www.paddleupright.com/bookings-checkout/version/feed.html]
[www.paddleupright.com/bookings-checkout/version/rb_wixui.thunderbolt_bootstrap-responsive.e3671379.chunk.min.html]
[www.paddleupright.com/bookings-checkout/version/version/decodeURIComponent(e.html]
[www.paddleupright.com/bookings-checkout/version/version/robots.html]
[www.paddleupright.com/bookings-checkout/version/version/sitemap.4a.delayed]
[www.paddleupright.com/bookings-checkout/version/version/feed.4b.delayed]
[www.paddleupright.com/bookings-checkout/version/version/version/index.html]
[www.paddleupright.com/bookings-checkout/version/version.html]
[www.paddleupright.com/bookings-checkout/version/version/99a6a99f.min.html]
[www.paddleupright.com/bookings-checkout/version/version/7a36fe10.chunk.min.html]
[www.paddleupright.com/bookings-checkout/version/version/e3671379.chunk.min.html]
[www.paddleupright.com/bookings-checkout/version/version/rb_wixui.thunderbolt_bootstrap-classic.db545a77.chunk.min.html]
[www.paddleupright.com/bookings-checkout/version/version/rb_wixui.thunderbolt_bootstrap.8a86afda.chunk.min.html]
[www.paddleupright.com/bookings-checkout/version/version/rb_wixui.thunderbolt_bootstrap.7a36fe10.chunk.min.html]
[www.paddleupright.com/bookings-checkout/version/version/rb_wixui.thunderbolt_bootstrap-responsive.f3ca696f.chunk.min.html]
[www.paddleupright.com/bookings-checkout/version/version/index.html]
[www.paddleupright.com/bookings-checkout/version.html]
[www.paddleupright.com/bookings-checkout/version/99a6a99f.min.html]
[www.paddleupright.com/bookings-checkout/version/7a36fe10.chunk.min.html]
[www.paddleupright.com/bookings-checkout/version/e3671379.chunk.min.html]
[www.paddleupright.com/bookings-checkout/version/rb_wixui.thunderbolt_bootstrap-classic.db545a77.chunk.min.html]
[www.paddleupright.com/bookings-checkout/version/rb_wixui.thunderbolt_bootstrap.8a86afda.chunk.min.html]
[www.paddleupright.com/bookings-checkout/version/rb_wixui.thunderbolt_bootstrap.7a36fe10.chunk.min.html]
[www.paddleupright.com/bookings-checkout/version/rb_wixui.thunderbolt_bootstrap-responsive.f3ca696f.chunk.min.html]
[www.paddleupright.com/bookings-checkout/version/rb_wixui.thunderbolt_bootstrap-responsive.e3671379.chunk.min.html]
[www.paddleupright.com/bookings-checkout/version/version/decodeURIComponent(e.html]
[www.paddleupright.com/bookings-checkout/version/version/robots.html]
[www.paddleupright.com/bookings-checkout/version/version/sitemap.html]
[www.paddleupright.com/bookings-checkout/version/version/feed.html]
[www.paddleupright.com/bookings-checkout/version/version/rb_wixui.thunderbolt_bootstrap-responsive.e3671379.chunk.min.html]
[www.paddleupright.com/bookings-checkout/version/version/version/decodeURIComponent(e.html]
[www.paddleupright.com/bookings-checkout/version/version/version/robots.html]
[www.paddleupright.com/bookings-checkout/version/version/version/sitemap.57.delayed]
[www.paddleupright.com/bookings-checkout/version/version/version/feed.58.delayed]
[www.paddleupright.com/bookings-checkout/version/version/version.html]
[www.paddleupright.com/bookings-checkout/version/version/version/99a6a99f.min.html]
[www.paddleupright.com/bookings-checkout/version/version/version/7a36fe10.chunk.min.html]
[www.paddleupright.com/bookings-checkout/version/version/version/e3671379.chunk.min.html]
[www.paddleupright.com/bookings-checkout/version/version/version/rb_wixui.thunderbolt_bootstrap-classic.db545a77.chunk.min.html]
[www.paddleupright.com/bookings-checkout/version/version/version/rb_wixui.thunderbolt_bootstrap.8a86afda.chunk.min.html]
[www.paddleupright.com/bookings-checkout/version/version/version/rb_wixui.thunderbolt_bootstrap.7a36fe10.chunk.min.html]
[www.paddleupright.com/bookings-checkout/version/version/version/rb_wixui.thunderbolt_bootstrap-responsive.f3ca696f.chunk.min.html]
[www.paddleupright.com/bookings-checkout/version/version/version/index.html]
[www.paddleupright.com/bookings-checkout/version/version.html]
[www.paddleupright.com/bookings-checkout/version/version/99a6a99f.min.html]
[www.paddleupright.com/bookings-checkout/version/version/7a36fe10.chunk.min.html]
[www.paddleupright.com/bookings-checkout/version/version/e3671379.chunk.min.html]
[www.paddleupright.com/bookings-checkout/version/version/rb_wixui.thunderbolt_bootstrap-classic.db545a77.chunk.min.html]
[www.paddleupright.com/bookings-checkout/version/version/rb_wixui.thunderbolt_bootstrap.8a86afda.chunk.min.html]
[www.paddleupright.com/bookings-checkout/version/version/rb_wixui.thunderbolt_bootstrap.7a36fe10.chunk.min.html]
[www.paddleupright.com/bookings-checkout/version/version/rb_wixui.thunderbolt_bootstrap-responsive.f3ca696f.chunk.min.html]
[www.paddleupright.com/bookings-checkout/version/version/rb_wixui.thunderbolt_bootstrap-responsive.e3671379.chunk.min.html]
[www.paddleupright.com/bookings-checkout/version/version/version/decodeURIComponent(e.html]
[www.paddleupright.com/bookings-checkout/version/version/version/robots.html]
[www.paddleupright.com/bookings-checkout/version/version/version/sitemap.html]
[www.paddleupright.com/bookings-checkout/version/version/version/feed.html]
[www.paddleupright.com/bookings-checkout/version/version/version.html]
[www.paddleupright.com/bookings-checkout/version/version/version/99a6a99f.min.html]
[www.paddleupright.com/bookings-checkout/version/version/version/7a36fe10.chunk.min.html]
[www.paddleupright.com/bookings-checkout/version/version/version/e3671379.chunk.min.html]
[www.paddleupright.com/bookings-checkout/version/version/version/rb_wixui.thunderbolt_bootstrap-classic.db545a77.chunk.min.html]
[www.paddleupright.com/bookings-checkout/version/version/version/rb_wixui.thunderbolt_bootstrap.8a86afda.chunk.min.html]
[www.paddleupright.com/bookings-checkout/version/version/version/rb_wixui.thunderbolt_bootstrap.7a36fe10.chunk.min.html]
[www.paddleupright.com/bookings-checkout/version/version/version/rb_wixui.thunderbolt_bootstrap-responsive.f3ca696f.chunk.min.html]
[www.paddleupright.com/bookings-checkout/version/version/version/rb_wixui.thunderbolt_bootstrap-responsive.e3671379.chunk.min.html]
[www.paddleupright.com/bookings-checkout/version/version/version/rb_wixui.thunderbolt_bootstrap-responsive.e3671379.chunk.min.html]
[www.paddleupright.com/bookings-checkout/version/version/version/version/index.html]
[www.paddleupright.com/bookings-checkout/version/version/version/version/decodeURIComponent(e.html]
[www.paddleupright.com/bookings-checkout/version/version/version/version/sitemap.64.delayed]
[www.paddleupright.com/bookings-checkout/version/version/version/version/robots.html]
[www.paddleupright.com/bookings-checkout/version/version/version/version/feed.65.delayed]
[www.paddleupright.com/bookings-checkout/version/version/version/version.html]
[www.paddleupright.com/bookings-checkout/version/version/version/version/version/index.html]
[www.paddleupright.com/bookings-checkout/version/version/version/version/99a6a99f.min.html]
[www.paddleupright.com/bookings-checkout/version/version/version/version/7a36fe10.chunk.min.html]
[www.paddleupright.com/bookings-checkout/version/version/version/version/e3671379.chunk.min.html]
[www.paddleupright.com/bookings-checkout/version/version/version/version/rb_wixui.thunderbolt_bootstrap-classic.db545a77.chunk.min.html]
[www.paddleupright.com/bookings-checkout/version/version/version/version/rb_wixui.thunderbolt_bootstrap.8a86afda.chunk.min.html]
[www.paddleupright.com/bookings-checkout/version/version/version/version/rb_wixui.thunderbolt_bootstrap.7a36fe10.chunk.min.html]
[www.paddleupright.com/bookings-checkout/version/version/version/version/rb_wixui.thunderbolt_bootstrap-responsive.f3ca696f.chunk.min.html]
[www.paddleupright.com/bookings-checkout/version/version/version/version/index.html]
[www.paddleupright.com/bookings-checkout/version/version/version/version/decodeURIComponent(e.html]
[www.paddleupright.com/bookings-checkout/version/version/version/version/robots.html]
[www.paddleupright.com/bookings-checkout/version/version/version/version/sitemap.html]
[www.paddleupright.com/bookings-checkout/version/version/version/version/feed.html]
[www.paddleupright.com/bookings-checkout/version/version/version/version/rb_wixui.thunderbolt_bootstrap-responsive.e3671379.chunk.min.html]
[www.paddleupright.com/bookings-checkout/version/version/version/version/version/decodeURIComponent(e.html]
[www.paddleupright.com/bookings-checkout/version/version/version/version/version/robots.html]
[www.paddleupright.com/bookings-checkout/version/version/version/version/version/sitemap.71.delayed]
[www.paddleupright.com/bookings-checkout/version/version/version/version/version/feed.72.delayed]
[www.paddleupright.com/bookings-checkout/version/version/version/version/version/version/index.html]
[www.paddleupright.com/bookings-checkout/version/version/version/version/version.html]
[www.paddleupright.com/bookings-checkout/version/version/version/version/version/99a6a99f.min.html]
[www.paddleupright.com/bookings-checkout/version/version/version/version/version/7a36fe10.chunk.min.html]
[www.paddleupright.com/bookings-checkout/version/version/version/version/version/e3671379.chunk.min.html]
[www.paddleupright.com/bookings-checkout/version/version/version/version/version/rb_wixui.thunderbolt_bootstrap-classic.db545a77.chunk.min.html]
[www.paddleupright.com/bookings-checkout/version/version/version/version/version/rb_wixui.thunderbolt_bootstrap.8a86afda.chunk.min.html]
[www.paddleupright.com/bookings-checkout/version/version/version/version/version/rb_wixui.thunderbolt_bootstrap.7a36fe10.chunk.min.html]
[www.paddleupright.com/bookings-checkout/version/version/version/version/version/rb_wixui.thunderbolt_bootstrap-responsive.f3ca696f.chunk.min.html]
[www.paddleupright.com/bookings-checkout/version/version/version/version/version/index.html]
[www.paddleupright.com/bookings-checkout/version/version/version/version.html]
[www.paddleupright.com/bookings-checkout/version/version/version/version/99a6a99f.min.html]
[www.paddleupright.com/bookings-checkout/version/version/version/version/7a36fe10.chunk.min.html]
[www.paddleupright.com/bookings-checkout/version/version/version/version/e3671379.chunk.min.html]
[www.paddleupright.com/bookings-checkout/version/version/version/version/rb_wixui.thunderbolt_bootstrap-classic.db545a77.chunk.min.html]
[www.paddleupright.com/bookings-checkout/version/version/version/version/rb_wixui.thunderbolt_bootstrap.8a86afda.chunk.min.html]
[www.paddleupright.com/bookings-checkout/version/version/version/version/rb_wixui.thunderbolt_bootstrap.7a36fe10.chunk.min.html]
[www.paddleupright.com/bookings-checkout/version/version/version/version/rb_wixui.thunderbolt_bootstrap-responsive.f3ca696f.chunk.min.html]
[www.paddleupright.com/bookings-checkout/version/version/version/version/rb_wixui.thunderbolt_bootstrap-responsive.e3671379.chunk.min.html]
[www.paddleupright.com/bookings-checkout/version/version/version/version/version/decodeURIComponent(e.html]
[www.paddleupright.com/bookings-checkout/version/version/version/version/version/robots.html]
[www.paddleupright.com/bookings-checkout/version/version/version/version/version/sitemap.html]
[www.paddleupright.com/bookings-checkout/version/version/version/version/version/feed.html]
[www.paddleupright.com/bookings-checkout/version/version/version/version/version/rb_wixui.thunderbolt_bootstrap-responsive.e3671379.chunk.min.html]
[www.paddleupright.com/bookings-checkout/version/version/version/version/version/version/decodeURIComponent(e.html]
[www.paddleupright.com/bookings-checkout/version/version/version/version/version/version/robots.html]
[www.paddleupright.com/bookings-checkout/version/version/version/version/version/version/sitemap.7e.delayed]
[www.paddleupright.com/bookings-checkout/version/version/version/version/version/version/feed.7f.delayed]
[www.paddleupright.com/bookings-checkout/version/version/version/version/version/version.html]
[www.paddleupright.com/bookings-checkout/version/version/version/version/version/version/version/index.html]
[www.paddleupright.com/bookings-checkout/version/version/version/version/version/version/99a6a99f.min.html]
[www.paddleupright.com/bookings-checkout/version/version/version/version/version/version/7a36fe10.chunk.min.html]
[www.paddleupright.com/bookings-checkout/version/version/version/version/version/version/e3671379.chunk.min.html]
[www.paddleupright.com/bookings-checkout/version/version/version/version/version/version/rb_wixui.thunderbolt_bootstrap-classic.db545a77.chunk.min.html]
[www.paddleupright.com/bookings-checkout/version/version/version/version/version/version/rb_wixui.thunderbolt_bootstrap.8a86afda.chunk.min.html]
[www.paddleupright.com/bookings-checkout/version/version/version/version/version/version/rb_wixui.thunderbolt_bootstrap.7a36fe10.chunk.min.html]
[www.paddleupright.com/bookings-checkout/version/version/version/version/version/version/rb_wixui.thunderbolt_bootstrap-responsive.f3ca696f.chunk.min.html]
[www.paddleupright.com/bookings-checkout/version/version/version/version/version/version/index.html]
[www.paddleupright.com/bookings-checkout/version/version/version/version/version.html]
[www.paddleupright.com/bookings-checkout/version/version/version/version/version/99a6a99f.min.html]
[www.paddleupright.com/bookings-checkout/version/version/version/version/version/7a36fe10.chunk.min.html]
[www.paddleupright.com/bookings-checkout/version/version/version/version/version/e3671379.chunk.min.html]
[www.paddleupright.com/bookings-checkout/version/version/version/version/version/rb_wixui.thunderbolt_bootstrap-classic.db545a77.chunk.min.html]
[www.paddleupright.com/bookings-checkout/version/version/version/version/version/rb_wixui.thunderbolt_bootstrap.8a86afda.chunk.min.html]
[www.paddleupright.com/bookings-checkout/version/version/version/version/version/rb_wixui.thunderbolt_bootstrap.7a36fe10.chunk.min.html]
[www.paddleupright.com/bookings-checkout/version/version/version/version/version/rb_wixui.thunderbolt_bootstrap-responsive.f3ca696f.chunk.min.html]
[www.paddleupright.com/bookings-checkout/version/version/version/version/version/rb_wixui.thunderbolt_bootstrap-responsive.e3671379.chunk.min.html]
[www.paddleupright.com/bookings-checkout/version/version/version/version/version/version/decodeURIComponent(e.html]
[www.paddleupright.com/bookings-checkout/version/version/version/version/version/version/robots.html]
[www.paddleupright.com/bookings-checkout/version/version/version/version/version/version/sitemap.html]
[www.paddleupright.com/bookings-checkout/version/version/version/version/version/version/feed.html]
[www.paddleupright.com/bookings-checkout/version/version/version/version/version/version/rb_wixui.thunderbolt_bootstrap-responsive.e3671379.chunk.min.html]
[www.paddleupright.com/bookings-checkout/version/version/version/version/version/version/version/decodeURIComponent(e.html]
[www.paddleupright.com/bookings-checkout/version/version/version/version/version/version/version/robots.html]
[www.paddleupright.com/bookings-checkout/version/version/version/version/version/version/version/sitemap.8b.delayed]
[www.paddleupright.com/bookings-checkout/version/version/version/version/version/version/version/feed.8c.delayed]
[www.paddleupright.com/bookings-checkout/version/version/version/version/version/version/version/version/index.html]
[www.paddleupright.com/bookings-checkout/version/version/version/version/version/version/version.html]
[www.paddleupright.com/bookings-checkout/version/version/version/version/version/version/version/99a6a99f.min.html]
[www.paddleupright.com/bookings-checkout/version/version/version/version/version/version/version/7a36fe10.chunk.min.html]
[www.paddleupright.com/bookings-checkout/version/version/version/version/version/version/version/e3671379.chunk.min.html]
[www.paddleupright.com/bookings-checkout/version/version/version/version/version/version/version/rb_wixui.thunderbolt_bootstrap-classic.db545a77.chunk.min.91.dela]
[www.paddleupright.com/bookings-checkout/version/version/version/version/version/version/version/rb_wixui.thunderbolt_bootstrap.8a86afda.chunk.min.html]
[www.paddleupright.com/bookings-checkout/version/version/version/version/version/version/version/index.html]
[www.paddleupright.com/bookings-checkout/version/version/version/version/version/version.html]
[www.paddleupright.com/bookings-checkout/version/version/version/version/version/version/99a6a99f.min.html]
[www.paddleupright.com/bookings-checkout/version/version/version/version/version/version/7a36fe10.chunk.min.html]
[www.paddleupright.com/bookings-checkout/version/version/version/version/version/version/e3671379.chunk.min.html]
[www.paddleupright.com/bookings-checkout/version/version/version/version/version/version/rb_wixui.thunderbolt_bootstrap-classic.db545a77.chunk.min.html]
[www.paddleupright.com/bookings-checkout/version/version/version/version/version/version/rb_wixui.thunderbolt_bootstrap.8a86afda.chunk.min.html]
[www.paddleupright.com/bookings-checkout/version/version/version/version/version/version/rb_wixui.thunderbolt_bootstrap.7a36fe10.chunk.min.html]
[www.paddleupright.com/bookings-checkout/version/version/version/version/version/version/rb_wixui.thunderbolt_bootstrap-responsive.f3ca696f.chunk.min.html]
[www.paddleupright.com/bookings-checkout/version/version/version/version/version/version/rb_wixui.thunderbolt_bootstrap-responsive.e3671379.chunk.min.html]
[www.paddleupright.com/bookings-checkout/version/version/version/version/version/version/version/decodeURIComponent(e.html]
[www.paddleupright.com/bookings-checkout/version/version/version/version/version/version/version/robots.html]
[www.paddleupright.com/bookings-checkout/version/version/version/version/version/version/version/sitemap.html]
[www.paddleupright.com/bookings-checkout/version/version/version/version/version/version/version/feed.html]
[www.paddleupright.com/bookings-checkout/version/version/version/version/version/version/version/rb_wixui.thunderbolt_bootstrap-responsive.e3671379.chunk.min.95.d]
[www.paddleupright.com/bookings-checkout/version/version/version/version/version/version/version/rb_wixui.thunderbolt_bootstrap-responsive.f3ca696f.chunk.min.94.d]
[www.paddleupright.com/bookings-checkout/version/version/version/version/version/version/version/rb_wixui.thunderbolt_bootstrap.7a36fe10.chunk.min.html]
[www.paddleupright.com/bookings-checkout/version/version/version/version/version/version/version/version/decodeURIComponent(e.html]
[www.paddleupright.com/bookings-checkout/version/version/version/version/version/version/version/version/robots.html]
[www.paddleupright.com/bookings-checkout/version/version/version/version/version/version/version/version/sitemap.98.delayed]
[www.paddleupright.com/bookings-checkout/version/version/version/version/version/version/version/version/feed.99.delayed]
[www.paddleupright.com/bookings-checkout/version/version/version/version/version/version/version/version.html]
[www.paddleupright.com/bookings-checkout/version/version/version/version/version/version/version/version/version/index.html]
[www.paddleupright.com/bookings-checkout/version/version/version/version/version/version/version/version/99a6a99f.min.html]
[www.paddleupright.com/bookings-checkout/version/version/version/version/version/version/version/version/7a36fe10.chunk.min.html]
[www.paddleupright.com/bookings-checkout/version/version/version/version/version/version/version/version/index.html]
[www.paddleupright.com/bookings-checkout/version/version/version/version/version/version/version/version/rb_wixui.thunderbolt_bootstrap.8a86afda.chunk.min.9f.dela]
[www.paddleupright.com/bookings-checkout/version/version/version/version/version/version/version.html]
[www.paddleupright.com/bookings-checkout/version/version/version/version/version/version/version/version/rb_wixui.thunderbolt_bootstrap.7a36fe10.chunk.min.a0.dela]
[www.paddleupright.com/bookings-checkout/version/version/version/version/version/version/version/version/e3671379.chunk.min.html]
[www.paddleupright.com/bookings-checkout/version/version/version/version/version/version/version/99a6a99f.min.html]
[www.paddleupright.com/bookings-checkout/version/version/version/version/version/version/version/7a36fe10.chunk.min.html]
[www.paddleupright.com/bookings-checkout/version/version/version/version/version/version/version/e3671379.chunk.min.html]
[www.paddleupright.com/bookings-checkout/version/version/version/version/version/version/version/rb_wixui.thunderbolt_bootstrap-classic.db545a77.chunk.min.91.dela]
[www.paddleupright.com/bookings-checkout/version/version/version/version/version/version/version/rb_wixui.thunderbolt_bootstrap.8a86afda.chunk.min.html]
[www.paddleupright.com/bookings-checkout/version/version/version/version/version/version/version/rb_wixui.thunderbolt_bootstrap.7a36fe10.chunk.min.html]
[www.paddleupright.com/bookings-checkout/version/version/version/version/version/version/version/rb_wixui.thunderbolt_bootstrap-responsive.f3ca696f.chunk.min.94.d]
[www.paddleupright.com/bookings-checkout/version/version/version/version/version/version/version/rb_wixui.thunderbolt_bootstrap-responsive.e3671379.chunk.min.95.d]
[www.paddleupright.com/bookings-checkout/version/version/version/version/version/version/version/version/rb_wixui.thunderbolt_bootstrap-classic.db545a77.chunk.min]
[www.paddleupright.com/bookings-checkout/version/version/version/version/version/version/version/version/decodeURIComponent(e.html]
[www.paddleupright.com/bookings-checkout/version/version/version/version/version/version/version/version/robots.html]
[www.paddleupright.com/bookings-checkout/version/version/version/version/version/version/version/version/sitemap.html]
[www.paddleupright.com/bookings-checkout/version/version/version/version/version/version/version/version/feed.html]
[www.paddleupright.com/bookings-checkout/version/version/version/version/version/version/version/version/rb_wixui.thunderbolt_bootstrap-responsive.e3671379.chunk]
[www.paddleupright.com/bookings-checkout/version/version/version/version/version/version/version/version/rb_wixui.thunderbolt_bootstrap-responsive.f3ca696f.chunk]
[www.paddleupright.com/bookings-checkout/version/version/version/version/version/version/version/version/version/decodeURIComponent(e.html]
[www.paddleupright.com/bookings-checkout/version/version/version/version/version/version/version/version/version/robots.html]
[www.paddleupright.com/bookings-checkout/version/version/version/version/version/version/version/version/version/sitemap.a5.delayed]
[www.paddleupright.com/bookings-checkout/version/version/version/version/version/version/version/version/version/feed.a6.delayed]
[www.paddleupright.com/bookings-checkout/version/version/version/version/version/version/version/version/version.html]
[www.paddleupright.com/bookings-checkout/version/version/version/version/version/version/version/version/version/99a6a99f.min.html]
[www.paddleupright.com/bookings-checkout/version/version/version/version/version/version/version/version/version/7a36fe10.chunk.min.html]
[www.paddleupright.com/bookings-checkout/version/version/version/version/version/version/version/version/version/index.html]
[www.paddleupright.com/bookings-checkout/version/version/version/version/version/version/version/version/version/rb_wixui.thunderbolt_bootstrap-classic.db545a77.c]
[www.paddleupright.com/bookings-checkout/version/version/version/version/version/version/version/version.html]
[www.paddleupright.com/bookings-checkout/version/version/version/version/version/version/version/version/version/rb_wixui.thunderbolt_bootstrap.7a36fe10.chunk.min]
[www.paddleupright.com/bookings-checkout/version/version/version/version/version/version/version/version/version/e3671379.chunk.min.html]
[www.paddleupright.com/bookings-checkout/version/version/version/version/version/version/version/version/99a6a99f.min.html]
[www.paddleupright.com/bookings-checkout/version/version/version/version/version/version/version/version/7a36fe10.chunk.min.html]
[www.paddleupright.com/bookings-checkout/version/version/version/version/version/version/version/version/e3671379.chunk.min.html]
[www.paddleupright.com/bookings-checkout/version/version/version/version/version/version/version/version/rb_wixui.thunderbolt_bootstrap-classic.db545a77.chunk.min]
[www.paddleupright.com/bookings-checkout/version/version/version/version/version/version/version/version/rb_wixui.thunderbolt_bootstrap.8a86afda.chunk.min.9f.dela]
[www.paddleupright.com/bookings-checkout/version/version/version/version/version/version/version/version/rb_wixui.thunderbolt_bootstrap.7a36fe10.chunk.min.a0.dela]
[www.paddleupright.com/bookings-checkout/version/version/version/version/version/version/version/version/rb_wixui.thunderbolt_bootstrap-responsive.f3ca696f.chunk]
[www.paddleupright.com/bookings-checkout/version/version/version/version/version/version/version/version/rb_wixui.thunderbolt_bootstrap-responsive.e3671379.chunk]
[www.paddleupright.com/bookings-checkout/version/version/version/version/version/version/version/version/version/decodeURIComponent(e.html]
[www.paddleupright.com/bookings-checkout/version/version/version/version/version/version/version/version/version/rb_wixui.thunderbolt_bootstrap.8a86afda.chunk.min]
[www.paddleupright.com/bookings-checkout/version/version/version/version/version/version/version/version/version/robots.html]
[www.paddleupright.com/bookings-checkout/version/version/version/version/version/version/version/version/version/sitemap.html]
[www.paddleupright.com/bookings-checkout/version/version/version/version/version/version/version/version/version/feed.html]
[www.paddleupright.com/bookings-checkout/version/version/version/version/version/version/version/version/version.html]
[www.paddleupright.com/bookings-checkout/version/version/version/version/version/version/version/version/version/99a6a99f.min.html]
[www.paddleupright.com/bookings-checkout/version/version/version/version/version/version/version/version/version/7a36fe10.chunk.min.html]
[www.paddleupright.com/bookings-checkout/version/version/version/version/version/version/version/version/version/e3671379.chunk.min.html]
[www.paddleupright.com/bookings-checkout/version/version/version/version/version/version/version/version/version/rb_wixui.thunderbolt_bootstrap-classic.db545a77.c]
[www.paddleupright.com/bookings-checkout/version/version/version/version/version/version/version/version/version/rb_wixui.thunderbolt_bootstrap.8a86afda.chunk.min]
[www.paddleupright.com/bookings-checkout/version/version/version/version/version/version/version/version/version/rb_wixui.thunderbolt_bootstrap.7a36fe10.chunk.min]
[www.paddleupright.com/bookings-checkout/version/version/version/version/version/version/version/version/version/rb_wixui.thunderbolt_bootstrap-responsive.f3ca696]
[www.paddleupright.com/bookings-checkout/version/version/version/version/version/version/version/version/version/rb_wixui.thunderbolt_bootstrap-responsive.f3ca696]
[www.paddleupright.com/bookings-checkout/version/version/version/version/version/version/version/version/version/rb_wixui.thunderbolt_bootstrap-responsive.e367137]
[www.paddleupright.com/bookings-checkout/version/version/version/version/version/version/version/version/version/rb_wixui.thunderbolt_bootstrap-responsive.e367137]
[www.paddleupright.com/bookings-checkout/version/version/version/version/version/version/version/version/version/version/index.html]
[www.paddleupright.com/bookings-checkout/version/version/version/version/version/version/version/version/version/version/decodeURIComponent(e.html]
[www.paddleupright.com/bookings-checkout/version/version/version/version/version/version/version/version/version/version/robots.html]
[www.paddleupright.com/bookings-checkout/version/version/version/version/version/version/version/version/version/version/sitemap.b2.delayed]
[www.paddleupright.com/bookings-checkout/version/version/version/version/version/version/version/version/version/version/feed.b3.delayed]
[www.paddleupright.com/bookings-checkout/version/version/version/version/version/version/version/version/version/version.html]
[www.paddleupright.com/bookings-checkout/version/version/version/version/version/version/version/version/version/version/99a6a99f.min.html]
[www.paddleupright.com/bookings-checkout/version/version/version/version/version/version/version/version/version/version/7a36fe10.chunk.min.html]
[www.paddleupright.com/bookings-checkout/version/version/version/version/version/version/version/version/version/version/index.html]
[www.paddleupright.com/bookings-checkout/version/version/version/version/version/version/version/version/version/version/rb_wixui.thunderbolt_bootstrap.7a36fe10.c]
[www.paddleupright.com/bookings-checkout/version/version/version/version/version/version/version/version/version/version/rb_wixui.thunderbolt_bootstrap.8a86afda.c]
[www.paddleupright.com/bookings-checkout/version/version/version/version/version/version/version/version/version/version/rb_wixui.thunderbolt_bootstrap-classic.db]
[www.paddleupright.com/bookings-checkout/version/version/version/version/version/version/version/version/version/version/decodeURIComponent(e.html]
[www.paddleupright.com/bookings-checkout/version/version/version/version/version/version/version/version/version/version/e3671379.chunk.min.html]
[www.paddleupright.com/bookings-checkout/version/version/version/version/version/version/version/version/version/version/robots.html]
[www.paddleupright.com/bookings-checkout/version/version/version/version/version/version/version/version/version/version/sitemap.html]
[www.paddleupright.com/bookings-checkout/version/version/version/version/version/version/version/version/version/version/feed.html]
[www.paddleupright.com/bookings-checkout/version/version/version/version/version/version/version/version/version/version.html]
[www.paddleupright.com/bookings-checkout/version/version/version/version/version/version/version/version/version/version/99a6a99f.min.html]
[www.paddleupright.com/bookings-checkout/version/version/version/version/version/version/version/version/version/version/7a36fe10.chunk.min.html]
[www.paddleupright.com/bookings-checkout/version/version/version/version/version/version/version/version/version/version/e3671379.chunk.min.html]
[www.paddleupright.com/bookings-checkout/version/version/version/version/version/version/version/version/version/version/rb_wixui.thunderbolt_bootstrap-classic.db]
[www.paddleupright.com/bookings-checkout/version/version/version/version/version/version/version/version/version/version/rb_wixui.thunderbolt_bootstrap.8a86afda.c]
[www.paddleupright.com/bookings-checkout/version/version/version/version/version/version/version/version/version/version/rb_wixui.thunderbolt_bootstrap.7a36fe10.c]
[www.paddleupright.com/bookings-checkout/version/version/version/version/version/version/version/version/version/version/version/index.html]
[www.paddleupright.com/bookings-checkout/version/version/version/version/version/version/version/version/version/version/rb_wixui-2.thunderbolt_bootstrap-responsive]
[www.paddleupright.com/bookings-checkout/version/version/version/version/version/version/version/version/version/version/rb_wixui.thunderbolt_bootstrap-responsive]
[www.paddleupright.com/bookings-checkout/version/version/version/version/version/version/version/version/version/version/rb_wixui.thunderbolt_bootstrap-responsive]
[www.paddleupright.com/bookings-checkout/version/version/version/version/version/version/version/version/version/version/rb_wixui-2.thunderbolt_bootstrap-responsive]
[www.paddleupright.com/bookings-checkout/version/version/version/version/version/version/version/version/version/version/version/decodeURIComponent(e.html]
[www.paddleupright.com/bookings-checkout/version/version/version/version/version/version/version/version/version/version/version/robots.html]
[www.paddleupright.com/bookings-checkout/version/version/version/version/version/version/version/version/version/version/version/sitemap.bf.delayed]
[www.paddleupright.com/bookings-checkout/version/version/version/version/version/version/version/version/version/version/version/feed.c0.delayed]
[www.paddleupright.com/bookings-checkout/version/version/version/version/version/version/version/version/version/version/version.html]
[www.paddleupright.com/bookings-checkout/version/version/version/version/version/version/version/version/version/version/version/99a6a99f.min.html]
[www.paddleupright.com/bookings-checkout/version/version/version/version/version/version/version/version/version/version/version/7a36fe10.chunk.min.html]
[www.paddleupright.com/bookings-checkout/version/version/version/version/version/version/version/version/version/version/version/index.html]
[www.paddleupright.com/bookings-checkout/version/version/version/version/version/version/version/version/version/version/version/rb_wixui.thunderbolt_bootstrap-cl]
[www.paddleupright.com/bookings-checkout/version/version/version/version/version/version/version/version/version/version/version/decodeURIComponent(e.html]
[www.paddleupright.com/bookings-checkout/version/version/version/version/version/version/version/version/version/version/version/rb_wixui.thunderbolt_bootstrap.7a]
[www.paddleupright.com/bookings-checkout/version/version/version/version/version/version/version/version/version/version/version/rb_wixui.thunderbolt_bootstrap.8a]
[www.paddleupright.com/bookings-checkout/version/version/version/version/version/version/version/version/version/version/version/robots.html]
[www.paddleupright.com/bookings-checkout/version/version/version/version/version/version/version/version/version/version/version/e3671379.chunk.min.html]
[www.paddleupright.com/bookings-checkout/version/version/version/version/version/version/version/version/version/version/version/sitemap.html]
[www.paddleupright.com/bookings-checkout/version/version/version/version/version/version/version/version/version/version/version/feed.html]
[www.paddleupright.com/bookings-checkout/version/version/version/version/version/version/version/version/version/version/version.html]
[www.paddleupright.com/bookings-checkout/version/version/version/version/version/version/version/version/version/version/version/99a6a99f.min.html]
[www.paddleupright.com/bookings-checkout/version/version/version/version/version/version/version/version/version/version/version/7a36fe10.chunk.min.html]
[www.paddleupright.com/bookings-checkout/version/version/version/version/version/version/version/version/version/version/version/e3671379.chunk.min.html]
[www.paddleupright.com/bookings-checkout/version/version/version/version/version/version/version/version/version/version/version/rb_wixui.thunderbolt_bootstrap-cl]
[www.paddleupright.com/bookings-checkout/version/version/version/version/version/version/version/version/version/version/version/rb_wixui.thunderbolt_bootstrap.8a]
[www.paddleupright.com/bookings-checkout/version/version/version/version/version/version/version/version/version/version/version/rb_wixui.thunderbolt_bootstrap.7a]
[www.paddleupright.com/bookings-checkout/version/version/version/version/version/version/version/version/version/version/version/rb_wixui.thunderbolt_bootstrap-re]
[www.paddleupright.com/bookings-checkout/version/version/version/version/version/version/version/version/version/version/version/rb_wixui.thunderbolt_bootstrap-re]
[www.paddleupright.com/bookings-checkout/version/version/version/version/version/version/version/version/version/version/version/rb_wixui-2.thunderbolt_bootstrap-re]
[www.paddleupright.com/bookings-checkout/version/version/version/version/version/version/version/version/version/version/version/rb_wixui-2.thunderbolt_bootstrap-re]
[www.paddleupright.com/bookings-checkout/version/version/version/version/version/version/version/version/version/version/version/version/index.html]
[www.paddleupright.com/bookings-checkout/version/version/version/version/version/version/version/version/version/version/version/version/decodeURIComponent(e.ca.d]
[www.paddleupright.com/bookings-checkout/version/version/version/version/version/version/version/version/version/version/version/version/sitemap.cc.delayed]
[www.paddleupright.com/bookings-checkout/version/version/version/version/version/version/version/version/version/version/version/version/robots.html]
[www.paddleupright.com/bookings-checkout/version/version/version/version/version/version/version/version/version/version/version/version/feed.cd.delayed]
[www.paddleupright.com/bookings-checkout/version/version/version/version/version/version/version/version/version/version/version/version.html]
[www.paddleupright.com/bookings-checkout/version/version/version/version/version/version/version/version/version/version/version/version/index.html]
[www.paddleupright.com/bookings-checkout/version/version/version/version/version/version/version/version/version/version/version/version/e3671379.chunk.min.d1.del]
[www.paddleupright.com/bookings-checkout/version/version/version/version/version/version/version/version/version/version/version/version/decodeURIComponent(e.ca.d]
[www.paddleupright.com/bookings-checkout/version/version/version/version/version/version/version/version/version/version/version/version/99a6a99f.min.html]
[www.paddleupright.com/bookings-checkout/version/version/version/version/version/version/version/version/version/version/version/version/7a36fe10.chunk.min.d0.del]
[www.paddleupright.com/bookings-checkout/version/version/version/version/version/version/version/version/version/version/version/version/robots.html]
[www.paddleupright.com/bookings-checkout/version/version/version/version/version/version/version/version/version/version/version/version/rb_wixui.thunderbolt_boot]
[www.paddleupright.com/bookings-checkout/version/version/version/version/version/version/version/version/version/version/version/version/sitemap.html]
